gitproblem.txt -- Problem updating subdir on github, CRB, Apr 7, 2015

opus:/home/randyl/github/small/syntax> git add README.txt
opus:/home/randyl/github/small/syntax> git commit -m "Add README.txt"
[master 780e66e] Add README.txt
 1 file changed, 65 insertions(+)
 create mode 100644 README.txt
opus:/home/randyl/github/small/syntax> git rm expralgorithm.png
rm 'expralgorithm.png'
opus:/home/randyl/github/small/syntax> 
...
opus:/home/randyl/github/small> git add syntax/README.txt
fatal: Path 'syntax/README.txt' is in submodule 'syntax'
opus:/home/randyl/github/small> git status
# On branch master
# Changes not staged for commit:
#   (use "git add <file>..." to update what will be committed)
#   (use "git checkout -- <file>..." to discard changes in working directory)
#   (commit or discard the untracked or modified content in submodules)
#
#       modified:   syntax (new commits, modified content)
#
no changes added to commit (use "git add" and/or "git commit -a")
opus:/home/randyl/github/small> git add syntax
opus:/home/randyl/github/small> git status
# On branch master
# Changes to be committed:
#   (use "git reset HEAD <file>..." to unstage)
#
#       modified:   syntax
#
# Changes not staged for commit:
#   (use "git add <file>..." to update what will be committed)
#   (use "git checkout -- <file>..." to discard changes in working directory)
#   (commit or discard the untracked or modified content in submodules)
#
#       modified:   syntax (modified content)
#
opus:/home/randyl/github/small>
...
opus:/home/randyl/github/small> git commit -m "Add README in syntax"
[master 90885c8] Add README in syntax
 1 file changed, 1 insertion(+), 1 deletion(-)
opus:/home/randyl/github/small> git push small master
Counting objects: 3, done.
Delta compression using up to 6 threads.
Compressing objects: 100% (2/2), done.
Writing objects: 100% (2/2), 266 bytes, done.
Total 2 (delta 1), reused 0 (delta 0)
To git@github.com:crandylb/small.git
   7069cdd..90885c8  master -> master
opus:/home/randyl/github/small> git remote -v
small   git@github.com:crandylb/small.git (fetch)
small   git@github.com:crandylb/small.git (push)
opus:/home/randyl/github/small> git status
# On branch master
# Changes not staged for commit:
#   (use "git add <file>..." to update what will be committed)
#   (use "git checkout -- <file>..." to discard changes in working directory)
#   (commit or discard the untracked or modified content in submodules)
#
#       modified:   syntax (modified content)
#
no changes added to commit (use "git add" and/or "git commit -a")
opus:/home/randyl/github/small> git commit -a
# On branch master
# Changes not staged for commit:
#   (use "git add <file>..." to update what will be committed)
#   (use "git checkout -- <file>..." to discard changes in working directory)
#   (commit or discard the untracked or modified content in submodules)
#
#       modified:   syntax (modified content)
#
no changes added to commit (use "git add" and/or "git commit -a")
opus:/home/randyl/github/small> 
